Flow report for liushuideng
Mon Jan 17 21:32:02 2011
Quartus II Version 8.0 Build 215 05/29/2008 SJ Full Version


---------------------
; Table of Contents ;
---------------------
  1. Legal Notice
  2. Flow Summary
  3. Flow Settings
  4. Flow Non-Default Global Settings
  5. Flow Elapsed Time
  6. Flow Log



----------------
; Legal Notice ;
----------------
Copyright (C) 1991-2008 Altera Corporation
Your use of Altera Corporation's design tools, logic functions 
and other software and tools, and its AMPP partner logic 
functions, and any output files from any of the foregoing 
(including device programming or simulation files), and any 
associated documentation or information are expressly subject 
to the terms and conditions of the Altera Program License 
Subscription Agreement, Altera MegaCore Function License 
Agreement, or other applicable license agreement, including, 
without limitation, that your use is for the sole purpose of 
programming logic devices manufactured by Altera and sold by 
Altera or its authorized distributors.  Please refer to the 
applicable agreement for further details.



+---------------------------------------------------------------------+
; Flow Summary                                                        ;
+--------------------------+------------------------------------------+
; Flow Status              ; Successful - Mon Jan 17 21:32:01 2011    ;
; Quartus II Version       ; 8.0 Build 215 05/29/2008 SJ Full Version ;
; Revision Name            ; liushuideng                              ;
; Top-level Entity Name    ; shandeng                                 ;
; Family                   ; MAX II                                   ;
; Device                   ; EPM570T100C5                             ;
; Timing Models            ; Final                                    ;
; Met timing requirements  ; Yes                                      ;
; Total logic elements     ; 50 / 570 ( 9 % )                         ;
; Total pins               ; 2 / 76 ( 3 % )                           ;
; Total virtual pins       ; 0                                        ;
; Total memory bits        ; 0                                        ;
; DSP block 9-bit elements ; 0                                        ;
; Total PLLs               ; 0                                        ;
; Total DLLs               ; 0                                        ;
; UFM blocks               ; 0 / 1 ( 0 % )                            ;
+--------------------------+------------------------------------------+


+-----------------------------------------+
; Flow Settings                           ;
+-------------------+---------------------+
; Option            ; Setting             ;
+-------------------+---------------------+
; Start date & time ; 01/17/2011 21:31:50 ;
; Main task         ; Compilation         ;
; Revision Name     ; liushuideng         ;
+-------------------+---------------------+


+----------------------------------------------------------------------------------------------------------------+
; Flow Non-Default Global Settings                                                                               ;
+---------------------------------------+-----------------------------+---------------+-------------+------------+
; Assignment Name                       ; Value                       ; Default Value ; Entity Name ; Section Id ;
+---------------------------------------+-----------------------------+---------------+-------------+------------+
; COMPILER_SIGNATURE_ID                 ; 96483317465.129527111001840 ; --            ; --          ; --         ;
; MAX_CORE_JUNCTION_TEMP                ; 85                          ; --            ; --          ; --         ;
; MIN_CORE_JUNCTION_TEMP                ; 0                           ; --            ; --          ; --         ;
; POWER_EXT_SUPPLY_VOLTAGE_TO_REGULATOR ; 3.3V                        ; --            ; --          ; --         ;
; TOP_LEVEL_ENTITY                      ; shandeng                    ; liushuideng   ; --          ; --         ;
+---------------------------------------+-----------------------------+---------------+-------------+------------+


+-----------------------------------------------------------------------------------------------------------------------------+
; Flow Elapsed Time                                                                                                           ;
+-------------------------+--------------+-------------------------+---------------------+------------------------------------+
; Module Name             ; Elapsed Time ; Average Processors Used ; Peak Virtual Memory ; Total CPU Time (on all processors) ;
+-------------------------+--------------+-------------------------+---------------------+------------------------------------+
; Analysis & Synthesis    ; 00:00:03     ; 1.0                     ; 178 MB              ; 00:00:03                           ;
; Fitter                  ; 00:00:02     ; 1.0                     ; 157 MB              ; 00:00:02                           ;
; Assembler               ; 00:00:00     ; 1.0                     ; 134 MB              ; 00:00:01                           ;
; Classic Timing Analyzer ; 00:00:00     ; 1.0                     ; 109 MB              ; 00:00:01                           ;
; Total                   ; 00:00:05     ; --                      ; --                  ; 00:00:07                           ;
+-------------------------+--------------+-------------------------+---------------------+------------------------------------+


------------
; Flow Log ;
------------
quartus_map --read_settings_files=on --write_settings_files=off liushuideng -c liushuideng
quartus_fit --read_settings_files=off --write_settings_files=off liushuideng -c liushuideng
quartus_asm --read_settings_files=off --write_settings_files=off liushuideng -c liushuideng
quartus_tan --read_settings_files=off --write_settings_files=off liushuideng -c liushuideng



